MPLINK 5.09, LINKER
Linker Map File - Created Wed Oct 21 20:57:39 2020

                                 Section Info
                  Section       Type    Address   Location Size(Bytes)
                ---------  ---------  ---------  ---------  ---------
                 RES_VECT       code   0x000000    program   0x000002
                   .cinit    romdata   0x000001    program   0x000004
                MAIN_PROG       code   0x000003    program   0x000106
.config_2007_BUILD/DEFAULT/PRODUCTION/NOMBRE.       code   0x002007    program   0x000002



                              Program Memory Usage 
                               Start         End      
                           ---------   ---------      
                            0x000000    0x000085      
                            0x002007    0x002007      
            135 out of 2182 program addresses used, program memory utilization is 6%



                              Symbols - Sorted by Name
                     Name    Address   Location    Storage File                     
                ---------  ---------  ---------  --------- ---------                
                    START   0x000003    program     static D:\micromplab\examennombre.X\nombre.asm
          _MAIN_PROG_0041   0x000044    program     static D:\micromplab\examennombre.X\nombre.asm
          _MAIN_PROG_007D   0x000080    program     static D:\micromplab\examennombre.X\nombre.asm
                   inicio   0x00000a    program     static D:\micromplab\examennombre.X\nombre.asm
                    loopj   0x000013    program     static D:\micromplab\examennombre.X\nombre.asm
                   loopj2   0x000050    program     static D:\micromplab\examennombre.X\nombre.asm
                    loopk   0x000041    program     static D:\micromplab\examennombre.X\nombre.asm
                   loopk2   0x00007c    program     static D:\micromplab\examennombre.X\nombre.asm
                  tiempo1   0x00000f    program     static D:\micromplab\examennombre.X\nombre.asm
                  tiempo2   0x00004a    program     static D:\micromplab\examennombre.X\nombre.asm



                              Symbols - Sorted by Address
                     Name    Address   Location    Storage File                     
                ---------  ---------  ---------  --------- ---------                
                    START   0x000003    program     static D:\micromplab\examennombre.X\nombre.asm
                   inicio   0x00000a    program     static D:\micromplab\examennombre.X\nombre.asm
                  tiempo1   0x00000f    program     static D:\micromplab\examennombre.X\nombre.asm
                    loopj   0x000013    program     static D:\micromplab\examennombre.X\nombre.asm
                    loopk   0x000041    program     static D:\micromplab\examennombre.X\nombre.asm
          _MAIN_PROG_0041   0x000044    program     static D:\micromplab\examennombre.X\nombre.asm
                  tiempo2   0x00004a    program     static D:\micromplab\examennombre.X\nombre.asm
                   loopj2   0x000050    program     static D:\micromplab\examennombre.X\nombre.asm
                   loopk2   0x00007c    program     static D:\micromplab\examennombre.X\nombre.asm
          _MAIN_PROG_007D   0x000080    program     static D:\micromplab\examennombre.X\nombre.asm


